[baseline-browser-mapping] The data in this module is over two months old.  To ensure accurate Baseline data, please update: `npm i baseline-browser-mapping@latest -D`
❯ Building...
✔ Building...
Application bundle generation failed. [14.954 seconds] - 2026-01-18T21:23:43.266Z

[33m▲ [43;33m[[43;30mWARNING[43;33m][0m [1mNG8113: RouterLink is not used within the template of TopBar[0m [1m[35m[plugin angular-compiler][0m

    src/app/layout/top-bar/top-bar.ts:13:4:
[37m      13 │     [32mRouterLink[37m,
         ╵     [32m~~~~~~~~~~[0m


[33m▲ [43;33m[[43;30mWARNING[43;33m][0m [1mNG8113: NgOptimizedImage is not used within the template of ImageComparisonComponent[0m [1m[35m[plugin angular-compiler][0m

    src/app/shared/components/image-comparison/image-comparison.ts:9:26:
[37m      9 │   imports: [CommonModule, [32mNgOptimizedImage[37m, LucideAngularModule],
        ╵                           [32m~~~~~~~~~~~~~~~~[0m


[31m✘ [41;31m[[41;97mERROR[41;31m][0m [1mTS2339: Property 'prevEl' does not exist on type 'boolean | NavigationOptions'.
  Property 'prevEl' does not exist on type 'false'.[0m [1m[35m[plugin angular-compiler][0m

    src/app/features/home/home.html:71:49:
[37m      71 │     (keydown.enter)="heroSwiperConfig.navigation.[32mprevEl[37m.click()"
         ╵                                                  [32m~~~~~~[0m

  Error occurs in the template of component Home.

    src/app/features/home/home.ts:59:15:
[37m      59 │   templateUrl: [32m'./home.html'[37m,
         ╵                [32m~~~~~~~~~~~~~[0m


[31m✘ [41;31m[[41;97mERROR[41;31m][0m [1mTS2532: Object is possibly 'undefined'.[0m [1m[35m[plugin angular-compiler][0m

    src/app/features/home/home.html:71:49:
[37m      71 │     (keydown.enter)="heroSwiperConfig.navigation.[32mprevEl[37m.click()"
         ╵                                                  [32m~~~~~~[0m

  Error occurs in the template of component Home.

    src/app/features/home/home.ts:59:15:
[37m      59 │   templateUrl: [32m'./home.html'[37m,
         ╵                [32m~~~~~~~~~~~~~[0m


[31m✘ [41;31m[[41;97mERROR[41;31m][0m [1mTS2339: Property 'prevEl' does not exist on type 'boolean | NavigationOptions'.
  Property 'prevEl' does not exist on type 'false'.[0m [1m[35m[plugin angular-compiler][0m

    src/app/features/home/home.html:72:49:
[37m      72 │     (keydown.space)="heroSwiperConfig.navigation.[32mprevEl[37m.click()">
         ╵                                                  [32m~~~~~~[0m

  Error occurs in the template of component Home.

    src/app/features/home/home.ts:59:15:
[37m      59 │   templateUrl: [32m'./home.html'[37m,
         ╵                [32m~~~~~~~~~~~~~[0m


[31m✘ [41;31m[[41;97mERROR[41;31m][0m [1mTS2532: Object is possibly 'undefined'.[0m [1m[35m[plugin angular-compiler][0m

    src/app/features/home/home.html:72:49:
[37m      72 │     (keydown.space)="heroSwiperConfig.navigation.[32mprevEl[37m.click()">
         ╵                                                  [32m~~~~~~[0m

  Error occurs in the template of component Home.

    src/app/features/home/home.ts:59:15:
[37m      59 │   templateUrl: [32m'./home.html'[37m,
         ╵                [32m~~~~~~~~~~~~~[0m


[31m✘ [41;31m[[41;97mERROR[41;31m][0m [1mTS2339: Property 'nextEl' does not exist on type 'boolean | NavigationOptions'.
  Property 'nextEl' does not exist on type 'false'.[0m [1m[35m[plugin angular-compiler][0m

    src/app/features/home/home.html:80:49:
[37m      80 │     (keydown.enter)="heroSwiperConfig.navigation.[32mnextEl[37m.click()"
         ╵                                                  [32m~~~~~~[0m

  Error occurs in the template of component Home.

    src/app/features/home/home.ts:59:15:
[37m      59 │   templateUrl: [32m'./home.html'[37m,
         ╵                [32m~~~~~~~~~~~~~[0m


[31m✘ [41;31m[[41;97mERROR[41;31m][0m [1mTS2532: Object is possibly 'undefined'.[0m [1m[35m[plugin angular-compiler][0m

    src/app/features/home/home.html:80:49:
[37m      80 │     (keydown.enter)="heroSwiperConfig.navigation.[32mnextEl[37m.click()"
         ╵                                                  [32m~~~~~~[0m

  Error occurs in the template of component Home.

    src/app/features/home/home.ts:59:15:
[37m      59 │   templateUrl: [32m'./home.html'[37m,
         ╵                [32m~~~~~~~~~~~~~[0m


[31m✘ [41;31m[[41;97mERROR[41;31m][0m [1mTS2339: Property 'nextEl' does not exist on type 'boolean | NavigationOptions'.
  Property 'nextEl' does not exist on type 'false'.[0m [1m[35m[plugin angular-compiler][0m

    src/app/features/home/home.html:81:49:
[37m      81 │     (keydown.space)="heroSwiperConfig.navigation.[32mnextEl[37m.click()">
         ╵                                                  [32m~~~~~~[0m

  Error occurs in the template of component Home.

    src/app/features/home/home.ts:59:15:
[37m      59 │   templateUrl: [32m'./home.html'[37m,
         ╵                [32m~~~~~~~~~~~~~[0m


[31m✘ [41;31m[[41;97mERROR[41;31m][0m [1mTS2532: Object is possibly 'undefined'.[0m [1m[35m[plugin angular-compiler][0m

    src/app/features/home/home.html:81:49:
[37m      81 │     (keydown.space)="heroSwiperConfig.navigation.[32mnextEl[37m.click()">
         ╵                                                  [32m~~~~~~[0m

  Error occurs in the template of component Home.

    src/app/features/home/home.ts:59:15:
[37m      59 │   templateUrl: [32m'./home.html'[37m,
         ╵                [32m~~~~~~~~~~~~~[0m


[31m✘ [41;31m[[41;97mERROR[41;31m][0m [1mTS2339: Property 'isBrowser' does not exist on type 'Home'.[0m [1m[35m[plugin angular-compiler][0m

    src/app/features/home/home.ts:506:14:
[37m      506 │     if (!this.[32misBrowser[37m) return;
          ╵               [32m~~~~~~~~~[0m


Watch mode enabled. Watching for file changes...
❯ Changes detected. Rebuilding...
✔ Changes detected. Rebuilding...
Application bundle generation failed. [3.817 seconds] - 2026-01-18T21:24:45.669Z

[33m▲ [43;33m[[43;30mWARNING[43;33m][0m [1mNG8113: RouterLink is not used within the template of TopBar[0m [1m[35m[plugin angular-compiler][0m

    src/app/layout/top-bar/top-bar.ts:13:4:
[37m      13 │     [32mRouterLink[37m,
         ╵     [32m~~~~~~~~~~[0m


[31m✘ [41;31m[[41;97mERROR[41;31m][0m [1mTS2339: Property 'prevEl' does not exist on type 'boolean | NavigationOptions'.
  Property 'prevEl' does not exist on type 'false'.[0m [1m[35m[plugin angular-compiler][0m

    src/app/features/home/home.html:71:49:
[37m      71 │     (keydown.enter)="heroSwiperConfig.navigation.[32mprevEl[37m.click()"
         ╵                                                  [32m~~~~~~[0m

  Error occurs in the template of component Home.

    src/app/features/home/home.ts:59:15:
[37m      59 │   templateUrl: [32m'./home.html'[37m,
         ╵                [32m~~~~~~~~~~~~~[0m


[31m✘ [41;31m[[41;97mERROR[41;31m][0m [1mTS2532: Object is possibly 'undefined'.[0m [1m[35m[plugin angular-compiler][0m

    src/app/features/home/home.html:71:49:
[37m      71 │     (keydown.enter)="heroSwiperConfig.navigation.[32mprevEl[37m.click()"
         ╵                                                  [32m~~~~~~[0m

  Error occurs in the template of component Home.

    src/app/features/home/home.ts:59:15:
[37m      59 │   templateUrl: [32m'./home.html'[37m,
         ╵                [32m~~~~~~~~~~~~~[0m


[31m✘ [41;31m[[41;97mERROR[41;31m][0m [1mTS2339: Property 'prevEl' does not exist on type 'boolean | NavigationOptions'.
  Property 'prevEl' does not exist on type 'false'.[0m [1m[35m[plugin angular-compiler][0m

    src/app/features/home/home.html:72:49:
[37m      72 │     (keydown.space)="heroSwiperConfig.navigation.[32mprevEl[37m.click()">
         ╵                                                  [32m~~~~~~[0m

  Error occurs in the template of component Home.

    src/app/features/home/home.ts:59:15:
[37m      59 │   templateUrl: [32m'./home.html'[37m,
         ╵                [32m~~~~~~~~~~~~~[0m


[31m✘ [41;31m[[41;97mERROR[41;31m][0m [1mTS2532: Object is possibly 'undefined'.[0m [1m[35m[plugin angular-compiler][0m

    src/app/features/home/home.html:72:49:
[37m      72 │     (keydown.space)="heroSwiperConfig.navigation.[32mprevEl[37m.click()">
         ╵                                                  [32m~~~~~~[0m

  Error occurs in the template of component Home.

    src/app/features/home/home.ts:59:15:
[37m      59 │   templateUrl: [32m'./home.html'[37m,
         ╵                [32m~~~~~~~~~~~~~[0m


[31m✘ [41;31m[[41;97mERROR[41;31m][0m [1mTS2339: Property 'nextEl' does not exist on type 'boolean | NavigationOptions'.
  Property 'nextEl' does not exist on type 'false'.[0m [1m[35m[plugin angular-compiler][0m

    src/app/features/home/home.html:80:49:
[37m      80 │     (keydown.enter)="heroSwiperConfig.navigation.[32mnextEl[37m.click()"
         ╵                                                  [32m~~~~~~[0m

  Error occurs in the template of component Home.

    src/app/features/home/home.ts:59:15:
[37m      59 │   templateUrl: [32m'./home.html'[37m,
         ╵                [32m~~~~~~~~~~~~~[0m


[31m✘ [41;31m[[41;97mERROR[41;31m][0m [1mTS2532: Object is possibly 'undefined'.[0m [1m[35m[plugin angular-compiler][0m

    src/app/features/home/home.html:80:49:
[37m      80 │     (keydown.enter)="heroSwiperConfig.navigation.[32mnextEl[37m.click()"
         ╵                                                  [32m~~~~~~[0m

  Error occurs in the template of component Home.

    src/app/features/home/home.ts:59:15:
[37m      59 │   templateUrl: [32m'./home.html'[37m,
         ╵                [32m~~~~~~~~~~~~~[0m


[31m✘ [41;31m[[41;97mERROR[41;31m][0m [1mTS2339: Property 'nextEl' does not exist on type 'boolean | NavigationOptions'.
  Property 'nextEl' does not exist on type 'false'.[0m [1m[35m[plugin angular-compiler][0m

    src/app/features/home/home.html:81:49:
[37m      81 │     (keydown.space)="heroSwiperConfig.navigation.[32mnextEl[37m.click()">
         ╵                                                  [32m~~~~~~[0m

  Error occurs in the template of component Home.

    src/app/features/home/home.ts:59:15:
[37m      59 │   templateUrl: [32m'./home.html'[37m,
         ╵                [32m~~~~~~~~~~~~~[0m


[31m✘ [41;31m[[41;97mERROR[41;31m][0m [1mTS2532: Object is possibly 'undefined'.[0m [1m[35m[plugin angular-compiler][0m

    src/app/features/home/home.html:81:49:
[37m      81 │     (keydown.space)="heroSwiperConfig.navigation.[32mnextEl[37m.click()">
         ╵                                                  [32m~~~~~~[0m

  Error occurs in the template of component Home.

    src/app/features/home/home.ts:59:15:
[37m      59 │   templateUrl: [32m'./home.html'[37m,
         ╵                [32m~~~~~~~~~~~~~[0m


[31m✘ [41;31m[[41;97mERROR[41;31m][0m [1mTS2339: Property 'isBrowser' does not exist on type 'Home'.[0m [1m[35m[plugin angular-compiler][0m

    src/app/features/home/home.ts:506:14:
[37m      506 │     if (!this.[32misBrowser[37m) return;
          ╵               [32m~~~~~~~~~[0m


❯ Changes detected. Rebuilding...
✔ Changes detected. Rebuilding...
Browser bundles
Initial chunk files  | Names            |  Raw size
main.js              | main             | 877.83 kB |
chunk-7T3XNBIV.js    | -                |  33.87 kB |
chunk-TGSHMKFS.js    | -                |  14.40 kB |
chunk-KEZJN2MN.js    | -                |   7.00 kB |
styles.css           | styles           |   4.80 kB |
chunk-LL7IWLEE.js    | -                |   2.51 kB |
chunk-GBSWAXD5.js    | -                |   1.84 kB |
chunk-YDGIJH2W.js    | -                |   1.71 kB |
chunk-K7VHZ7GZ.js    | -                |   1.56 kB |
chunk-CZJLB7T5.js    | -                |   1.08 kB |

                     | Initial total    | 946.59 kB

Lazy chunk files     | Names            |  Raw size
chunk-2BXV52DG.js    | home             | 267.84 kB |
chunk-4DKPVEDL.js    | careers          | 147.67 kB |
chunk-SJLXY5CA.js    | blog-detail      | 104.30 kB |
chunk-IA7FGVIE.js    | solution-detail  |  53.01 kB |
chunk-J5ATKBTB.js    | contact          |  36.76 kB |
chunk-4U5WYHR7.js    | industries       |  31.74 kB |
chunk-5FJCEINR.js    | blog             |  29.25 kB |
chunk-MT4PPC73.js    | about-us         |  25.67 kB |
chunk-NJDZMU2V.js    | tech-stack       |  22.14 kB |
chunk-ZOIMQEOK.js    | -                |  18.76 kB |
chunk-VFNVJZQM.js    | -                |  13.39 kB |
chunk-PGQTUM2M.js    | faq              |  13.06 kB |
chunk-FL6RJ4LV.js    | process          |  13.03 kB |
chunk-Z5XGJXP5.js    | project-detail   |  12.92 kB |
chunk-ESCOOC5P.js    | product-detail   |  12.21 kB |
...and 9 more lazy chunks files. Use "--verbose" to show all the files.


Server bundles
Initial chunk files  | Names            |  Raw size
main.server.mjs      | main.server      | 881.37 kB |
chunk-C5NWD5TZ.mjs   | -                |  33.90 kB |
chunk-G4WAIW2K.mjs   | -                |  14.46 kB |
server.mjs           | server           |   7.52 kB |
chunk-UTEKFRY5.mjs   | -                |   7.03 kB |
chunk-HZMPJJJP.mjs   | -                |   2.55 kB |
chunk-FI7F2UFK.mjs   | -                |   1.87 kB |
chunk-OHXTOTX2.mjs   | -                |   1.75 kB |
chunk-3Q62P2DY.mjs   | -                |   1.60 kB |
chunk-XZXRA2IB.mjs   | -                |   1.11 kB |
polyfills.server.mjs | polyfills.server | 243 bytes |

Lazy chunk files     | Names            |  Raw size
chunk-IT5D6XTG.mjs   | home             | 267.88 kB |
chunk-WYMYDTZR.mjs   | careers          | 147.71 kB |
chunk-TCKSYH56.mjs   | blog-detail      | 104.34 kB |
chunk-VCXQUPCV.mjs   | solution-detail  |  53.04 kB |
chunk-LGT3GF4F.mjs   | contact          |  36.79 kB |
chunk-NVOCXRIV.mjs   | industries       |  31.77 kB |
chunk-RIKOHFJZ.mjs   | blog             |  29.29 kB |
chunk-JGD5W5KH.mjs   | about-us         |  25.71 kB |
chunk-PFZHJDCR.mjs   | tech-stack       |  22.18 kB |
chunk-FHOIRQL4.mjs   | -                |  18.79 kB |
chunk-3IKRLWBI.mjs   | -                |  13.42 kB |
chunk-IJKZ3WCS.mjs   | faq              |  13.10 kB |
chunk-2TZVP6MC.mjs   | process          |  13.06 kB |
chunk-6P7Y422K.mjs   | project-detail   |  12.96 kB |
chunk-AMAMY2TM.mjs   | product-detail   |  12.24 kB |
...and 9 more lazy chunks files. Use "--verbose" to show all the files.

Application bundle generation complete. [1.681 seconds] - 2026-01-18T21:24:47.360Z

[33m▲ [43;33m[[43;30mWARNING[43;33m][0m [1mNG8113: RouterLink is not used within the template of TopBar[0m [1m[35m[plugin angular-compiler][0m

    src/app/layout/top-bar/top-bar.ts:13:4:
[37m      13 │     [32mRouterLink[37m,
         ╵     [32m~~~~~~~~~~[0m


NOTE: Raw file sizes do not reflect development server per-request transformations.
  ➜  Local:   http://localhost:4200/
[baseline-browser-mapping] The data in this module is over two months old.  To ensure accurate Baseline data, please update: `npm i baseline-browser-mapping@latest -D`
ERROR Error: The "ChevronsLeftRight" icon has not been provided by any available icon providers.
    at LucideAngularComponent.ngOnChanges (/app/.angular/cache/20.3.10/app/vite/deps_ssr/lucide-angular.js:26069:17)
    at LucideAngularComponent.rememberChangeHistoryAndInvokeOnChangesHook (/app/.angular/cache/20.3.10/app/vite/deps_ssr/chunk-JGSU646Y.js:708:10)
    at callHookInternal (/app/.angular/cache/20.3.10/app/vite/deps_ssr/chunk-JGSU646Y.js:844:10)
    at callHook (/app/.angular/cache/20.3.10/app/vite/deps_ssr/chunk-JGSU646Y.js:862:5)
    at callHooks (/app/.angular/cache/20.3.10/app/vite/deps_ssr/chunk-JGSU646Y.js:833:9)
    at executeInitAndCheckHooks (/app/.angular/cache/20.3.10/app/vite/deps_ssr/chunk-JGSU646Y.js:802:5)
    at refreshView (/app/.angular/cache/20.3.10/app/vite/deps_ssr/chunk-JGSU646Y.js:6351:11)
    at detectChangesInView (/app/.angular/cache/20.3.10/app/vite/deps_ssr/chunk-JGSU646Y.js:6511:5)
    at detectChangesInViewIfAttached (/app/.angular/cache/20.3.10/app/vite/deps_ssr/chunk-JGSU646Y.js:6494:3)
    at detectChangesInComponent (/app/.angular/cache/20.3.10/app/vite/deps_ssr/chunk-JGSU646Y.js:6487:3)
ERROR Error: The "ChevronsLeftRight" icon has not been provided by any available icon providers.
    at LucideAngularComponent.ngOnChanges (/app/.angular/cache/20.3.10/app/vite/deps_ssr/lucide-angular.js:26069:17)
    at LucideAngularComponent.rememberChangeHistoryAndInvokeOnChangesHook (/app/.angular/cache/20.3.10/app/vite/deps_ssr/chunk-JGSU646Y.js:708:10)
    at callHookInternal (/app/.angular/cache/20.3.10/app/vite/deps_ssr/chunk-JGSU646Y.js:844:10)
    at callHook (/app/.angular/cache/20.3.10/app/vite/deps_ssr/chunk-JGSU646Y.js:862:5)
    at callHooks (/app/.angular/cache/20.3.10/app/vite/deps_ssr/chunk-JGSU646Y.js:833:9)
    at executeInitAndCheckHooks (/app/.angular/cache/20.3.10/app/vite/deps_ssr/chunk-JGSU646Y.js:802:5)
    at refreshView (/app/.angular/cache/20.3.10/app/vite/deps_ssr/chunk-JGSU646Y.js:6351:11)
    at detectChangesInView (/app/.angular/cache/20.3.10/app/vite/deps_ssr/chunk-JGSU646Y.js:6511:5)
    at detectChangesInViewIfAttached (/app/.angular/cache/20.3.10/app/vite/deps_ssr/chunk-JGSU646Y.js:6494:3)
    at detectChangesInComponent (/app/.angular/cache/20.3.10/app/vite/deps_ssr/chunk-JGSU646Y.js:6487:3)
❯ Changes detected. Rebuilding...
✔ Changes detected. Rebuilding...
Browser bundles
Initial chunk files | Names        |  Raw size
main.js             | main         | 877.83 kB |
chunk-TW2SDM3R.js   | -            |   2.51 kB |

Lazy chunk files    | Names        |  Raw size
chunk-3TIULNIA.js   | blog-detail  | 104.30 kB |
chunk-FR6N2S52.js   | contact      |  36.76 kB |
chunk-67SVAFD3.js   | blog         |  29.25 kB |
chunk-F7P6RVJQ.js   | -            |  13.39 kB |
chunk-QMDIEXWF.js   | projects     |   9.38 kB |
chunk-SLQFE6Y5.js   | thank-you    |   7.21 kB |
chunk-LRZVVGUA.js   | server-error |   5.93 kB |


Server bundles
Initial chunk files | Names        |  Raw size
main.server.mjs     | main.server  | 881.37 kB |
chunk-7W44KA2Q.mjs  | -            |   2.55 kB |

Lazy chunk files    | Names        |  Raw size
chunk-JP7ZHXQ7.mjs  | blog-detail  | 104.34 kB |
chunk-WOWSP6YM.mjs  | contact      |  36.79 kB |
chunk-CCZVHKNJ.mjs  | blog         |  29.29 kB |
chunk-CQ3D5RZX.mjs  | -            |  13.42 kB |
chunk-WU3POZSX.mjs  | projects     |   9.42 kB |
chunk-UE4GT7H4.mjs  | thank-you    |   7.25 kB |
chunk-CCNT2GBE.mjs  | server-error |   5.96 kB |

Application bundle generation complete. [1.305 seconds] - 2026-01-18T21:26:38.934Z

[33m▲ [43;33m[[43;30mWARNING[43;33m][0m [1mNG8113: RouterLink is not used within the template of TopBar[0m [1m[35m[plugin angular-compiler][0m

    src/app/layout/top-bar/top-bar.ts:13:4:
[37m      13 │     [32mRouterLink[37m,
         ╵     [32m~~~~~~~~~~[0m


Page reload sent to client(s).
❯ Changes detected. Rebuilding...
✔ Changes detected. Rebuilding...
Browser bundles
Initial chunk files | Names        |  Raw size
main.js             | main         | 877.83 kB |
chunk-24YDDX7J.js   | -            |   2.55 kB |

Lazy chunk files    | Names        |  Raw size
chunk-VL6WPOUX.js   | blog-detail  | 104.30 kB |
chunk-NQIANEV4.js   | contact      |  36.76 kB |
chunk-U4QBHDG6.js   | blog         |  29.25 kB |
chunk-BS4PEDDG.js   | -            |  13.39 kB |
chunk-77INX5AC.js   | projects     |   9.38 kB |
chunk-V4MN6HCT.js   | thank-you    |   7.21 kB |
chunk-W4Q3VIPD.js   | server-error |   5.93 kB |


Server bundles
Initial chunk files | Names        |  Raw size
main.server.mjs     | main.server  | 881.37 kB |
chunk-DLYFPFX3.mjs  | -            |   2.59 kB |

Lazy chunk files    | Names        |  Raw size
chunk-L6AHYEGL.mjs  | blog-detail  | 104.34 kB |
chunk-IYFLNOYY.mjs  | contact      |  36.79 kB |
chunk-I4LQVR2D.mjs  | blog         |  29.29 kB |
chunk-XGJU5UUR.mjs  | -            |  13.42 kB |
chunk-YNOBBO65.mjs  | projects     |   9.42 kB |
chunk-B5734HFK.mjs  | thank-you    |   7.25 kB |
chunk-BRHL75Z4.mjs  | server-error |   5.96 kB |

Application bundle generation complete. [1.334 seconds] - 2026-01-18T21:26:41.297Z

[33m▲ [43;33m[[43;30mWARNING[43;33m][0m [1mNG8113: RouterLink is not used within the template of TopBar[0m [1m[35m[plugin angular-compiler][0m

    src/app/layout/top-bar/top-bar.ts:13:4:
[37m      13 │     [32mRouterLink[37m,
         ╵     [32m~~~~~~~~~~[0m


Page reload sent to client(s).
❯ Changes detected. Rebuilding...
✔ Changes detected. Rebuilding...
Browser bundles
Initial chunk files | Names       |  Raw size
main.js             | main        | 877.83 kB |

Lazy chunk files    | Names       |  Raw size
chunk-OUN55IFW.js   | home        | 267.77 kB |


Server bundles
Initial chunk files | Names       |  Raw size
main.server.mjs     | main.server | 881.37 kB |

Lazy chunk files    | Names       |  Raw size
chunk-LC7B3YAH.mjs  | home        | 267.81 kB |

Application bundle generation complete. [1.683 seconds] - 2026-01-18T21:27:31.440Z

[33m▲ [43;33m[[43;30mWARNING[43;33m][0m [1mNG8113: ChatBubbleComponent is not used within the template of Home[0m [1m[35m[plugin angular-compiler][0m

    src/app/features/home/home.ts:56:4:
[37m      56 │     [32mChatBubbleComponent[37m,
         ╵     [32m~~~~~~~~~~~~~~~~~~~[0m


[33m▲ [43;33m[[43;30mWARNING[43;33m][0m [1mNG8113: RouterLink is not used within the template of TopBar[0m [1m[35m[plugin angular-compiler][0m

    src/app/layout/top-bar/top-bar.ts:13:4:
[37m      13 │     [32mRouterLink[37m,
         ╵     [32m~~~~~~~~~~[0m


Component update sent to client(s).
❯ Changes detected. Rebuilding...
✔ Changes detected. Rebuilding...
Browser bundles
Initial chunk files | Names       |  Raw size
main.js             | main        | 911.12 kB |
chunk-LZMFNAZO.js   | -           | 965 bytes |

Lazy chunk files    | Names       |  Raw size
chunk-WS2AEXZO.js   | home        | 267.68 kB |


Server bundles
Initial chunk files | Names       |  Raw size
main.server.mjs     | main.server | 914.57 kB |
chunk-27Q4ISOS.mjs  | -           |   1.00 kB |

Lazy chunk files    | Names       |  Raw size
chunk-QRQ32EXP.mjs  | home        | 267.72 kB |

Application bundle generation complete. [1.985 seconds] - 2026-01-18T21:27:34.215Z

[33m▲ [43;33m[[43;30mWARNING[43;33m][0m [1mNG8113: RouterLink is not used within the template of TopBar[0m [1m[35m[plugin angular-compiler][0m

    src/app/layout/top-bar/top-bar.ts:13:4:
[37m      13 │     [32mRouterLink[37m,
         ╵     [32m~~~~~~~~~~[0m


Page reload sent to client(s).
❯ Changes detected. Rebuilding...
✔ Changes detected. Rebuilding...
Application bundle generation failed. [1.683 seconds] - 2026-01-18T21:30:02.659Z

[33m▲ [43;33m[[43;30mWARNING[43;33m][0m [1mNG8113: RouterLink is not used within the template of TopBar[0m [1m[35m[plugin angular-compiler][0m

    src/app/layout/top-bar/top-bar.ts:13:4:
[37m      13 │     [32mRouterLink[37m,
         ╵     [32m~~~~~~~~~~[0m


[31m✘ [41;31m[[41;97mERROR[41;31m][0m [1mNG1010: 'imports' must be an array of components, directives, pipes, or NgModules.
  Value could not be determined statically.[0m [1m[35m[plugin angular-compiler][0m

    src/app/features/home/home.ts:56:4:
[37m      56 │     [32mChatBubbleComponent[37m
         ╵     [32m~~~~~~~~~~~~~~~~~~~[0m

  Unknown reference.

    src/app/features/home/home.ts:56:4:
[37m      56 │     [32mChatBubbleComponent[37m
         ╵     [32m~~~~~~~~~~~~~~~~~~~[0m


[31m✘ [41;31m[[41;97mERROR[41;31m][0m [1mTS2304: Cannot find name 'ChatBubbleComponent'.[0m [1m[35m[plugin angular-compiler][0m

    src/app/features/home/home.ts:56:4:
[37m      56 │     [32mChatBubbleComponent[37m
         ╵     [32m~~~~~~~~~~~~~~~~~~~[0m


❯ Changes detected. Rebuilding...
✔ Changes detected. Rebuilding...
Browser bundles
Initial chunk files  | Names            |  Raw size
main.js              | main             | 877.83 kB |
chunk-7T3XNBIV.js    | -                |  33.87 kB |
chunk-TGSHMKFS.js    | -                |  14.40 kB |
chunk-KEZJN2MN.js    | -                |   7.00 kB |
styles.css           | styles           |   4.80 kB |
chunk-24YDDX7J.js    | -                |   2.55 kB |
chunk-GBSWAXD5.js    | -                |   1.84 kB |
chunk-YDGIJH2W.js    | -                |   1.71 kB |
chunk-K7VHZ7GZ.js    | -                |   1.56 kB |
chunk-CZJLB7T5.js    | -                |   1.08 kB |

                     | Initial total    | 946.63 kB

Lazy chunk files     | Names            |  Raw size
chunk-RBEPMBHQ.js    | home             | 267.84 kB |
chunk-4DKPVEDL.js    | careers          | 147.67 kB |
chunk-VL6WPOUX.js    | blog-detail      | 104.30 kB |
chunk-IA7FGVIE.js    | solution-detail  |  53.01 kB |
chunk-NQIANEV4.js    | contact          |  36.76 kB |
chunk-4U5WYHR7.js    | industries       |  31.74 kB |
chunk-U4QBHDG6.js    | blog             |  29.25 kB |
chunk-MT4PPC73.js    | about-us         |  25.67 kB |
chunk-NJDZMU2V.js    | tech-stack       |  22.14 kB |
chunk-ZOIMQEOK.js    | -                |  18.76 kB |
chunk-BS4PEDDG.js    | -                |  13.39 kB |
chunk-PGQTUM2M.js    | faq              |  13.06 kB |
chunk-FL6RJ4LV.js    | process          |  13.03 kB |
chunk-Z5XGJXP5.js    | project-detail   |  12.92 kB |
chunk-ESCOOC5P.js    | product-detail   |  12.21 kB |
...and 9 more lazy chunks files. Use "--verbose" to show all the files.


Server bundles
Initial chunk files  | Names            |  Raw size
main.server.mjs      | main.server      | 881.37 kB |
chunk-C5NWD5TZ.mjs   | -                |  33.90 kB |
chunk-G4WAIW2K.mjs   | -                |  14.46 kB |
server.mjs           | server           |   7.52 kB |
chunk-UTEKFRY5.mjs   | -                |   7.03 kB |
chunk-DLYFPFX3.mjs   | -                |   2.59 kB |
chunk-FI7F2UFK.mjs   | -                |   1.87 kB |
chunk-OHXTOTX2.mjs   | -                |   1.75 kB |
chunk-3Q62P2DY.mjs   | -                |   1.60 kB |
chunk-XZXRA2IB.mjs   | -                |   1.11 kB |
polyfills.server.mjs | polyfills.server | 243 bytes |

Lazy chunk files     | Names            |  Raw size
chunk-2BAMKMED.mjs   | home             | 267.88 kB |
chunk-WYMYDTZR.mjs   | careers          | 147.71 kB |
chunk-L6AHYEGL.mjs   | blog-detail      | 104.34 kB |
chunk-VCXQUPCV.mjs   | solution-detail  |  53.04 kB |
chunk-IYFLNOYY.mjs   | contact          |  36.79 kB |
chunk-NVOCXRIV.mjs   | industries       |  31.77 kB |
chunk-I4LQVR2D.mjs   | blog             |  29.29 kB |
chunk-JGD5W5KH.mjs   | about-us         |  25.71 kB |
chunk-PFZHJDCR.mjs   | tech-stack       |  22.18 kB |
chunk-FHOIRQL4.mjs   | -                |  18.79 kB |
chunk-XGJU5UUR.mjs   | -                |  13.42 kB |
chunk-IJKZ3WCS.mjs   | faq              |  13.10 kB |
chunk-2TZVP6MC.mjs   | process          |  13.06 kB |
chunk-6P7Y422K.mjs   | project-detail   |  12.96 kB |
chunk-AMAMY2TM.mjs   | product-detail   |  12.24 kB |
...and 9 more lazy chunks files. Use "--verbose" to show all the files.

Application bundle generation complete. [2.343 seconds] - 2026-01-18T21:30:05.009Z

[33m▲ [43;33m[[43;30mWARNING[43;33m][0m [1mNG8113: RouterLink is not used within the template of TopBar[0m [1m[35m[plugin angular-compiler][0m

    src/app/layout/top-bar/top-bar.ts:13:4:
[37m      13 │     [32mRouterLink[37m,
         ╵     [32m~~~~~~~~~~[0m


Page reload sent to client(s).
❯ Changes detected. Rebuilding...
✔ Changes detected. Rebuilding...
Application bundle generation failed. [1.281 seconds] - 2026-01-18T21:34:51.560Z

[33m▲ [43;33m[[43;30mWARNING[43;33m][0m [1mNG8113: RouterLink is not used within the template of TopBar[0m [1m[35m[plugin angular-compiler][0m

    src/app/layout/top-bar/top-bar.ts:13:4:
[37m      13 │     [32mRouterLink[37m,
         ╵     [32m~~~~~~~~~~[0m


[31m✘ [41;31m[[41;97mERROR[41;31m][0m [1mNG1010: 'imports' must be an array of components, directives, pipes, or NgModules.
  Value could not be determined statically.[0m [1m[35m[plugin angular-compiler][0m

    src/app/features/home/home.ts:56:4:
[37m      56 │     [32mChatBubbleComponent[37m
         ╵     [32m~~~~~~~~~~~~~~~~~~~[0m

  Unknown reference.

    src/app/features/home/home.ts:56:4:
[37m      56 │     [32mChatBubbleComponent[37m
         ╵     [32m~~~~~~~~~~~~~~~~~~~[0m


[31m✘ [41;31m[[41;97mERROR[41;31m][0m [1mTS2304: Cannot find name 'ChatBubbleComponent'.[0m [1m[35m[plugin angular-compiler][0m

    src/app/features/home/home.ts:56:4:
[37m      56 │     [32mChatBubbleComponent[37m
         ╵     [32m~~~~~~~~~~~~~~~~~~~[0m


❯ Changes detected. Rebuilding...
✔ Changes detected. Rebuilding...
Browser bundles
Initial chunk files  | Names            |  Raw size
main.js              | main             | 911.12 kB |
chunk-TGSHMKFS.js    | -                |  14.40 kB |
chunk-KEZJN2MN.js    | -                |   7.00 kB |
styles.css           | styles           |   4.80 kB |
chunk-24YDDX7J.js    | -                |   2.55 kB |
chunk-GBSWAXD5.js    | -                |   1.84 kB |
chunk-YDGIJH2W.js    | -                |   1.71 kB |
chunk-K7VHZ7GZ.js    | -                |   1.56 kB |
chunk-CZJLB7T5.js    | -                |   1.08 kB |
chunk-LZMFNAZO.js    | -                | 965 bytes |

                     | Initial total    | 947.02 kB

Lazy chunk files     | Names            |  Raw size
chunk-WS2AEXZO.js    | home             | 267.68 kB |
chunk-4DKPVEDL.js    | careers          | 147.67 kB |
chunk-VL6WPOUX.js    | blog-detail      | 104.30 kB |
chunk-IA7FGVIE.js    | solution-detail  |  53.01 kB |
chunk-NQIANEV4.js    | contact          |  36.76 kB |
chunk-4U5WYHR7.js    | industries       |  31.74 kB |
chunk-U4QBHDG6.js    | blog             |  29.25 kB |
chunk-MT4PPC73.js    | about-us         |  25.67 kB |
chunk-NJDZMU2V.js    | tech-stack       |  22.14 kB |
chunk-ZOIMQEOK.js    | -                |  18.76 kB |
chunk-BS4PEDDG.js    | -                |  13.39 kB |
chunk-PGQTUM2M.js    | faq              |  13.06 kB |
chunk-FL6RJ4LV.js    | process          |  13.03 kB |
chunk-Z5XGJXP5.js    | project-detail   |  12.92 kB |
chunk-ESCOOC5P.js    | product-detail   |  12.21 kB |
...and 9 more lazy chunks files. Use "--verbose" to show all the files.


Server bundles
Initial chunk files  | Names            |  Raw size
main.server.mjs      | main.server      | 914.57 kB |
chunk-G4WAIW2K.mjs   | -                |  14.46 kB |
server.mjs           | server           |   7.52 kB |
chunk-UTEKFRY5.mjs   | -                |   7.03 kB |
chunk-DLYFPFX3.mjs   | -                |   2.59 kB |
chunk-FI7F2UFK.mjs   | -                |   1.87 kB |
chunk-OHXTOTX2.mjs   | -                |   1.75 kB |
chunk-3Q62P2DY.mjs   | -                |   1.60 kB |
chunk-XZXRA2IB.mjs   | -                |   1.11 kB |
chunk-27Q4ISOS.mjs   | -                |   1.00 kB |
polyfills.server.mjs | polyfills.server | 243 bytes |

Lazy chunk files     | Names            |  Raw size
chunk-QRQ32EXP.mjs   | home             | 267.72 kB |
chunk-WYMYDTZR.mjs   | careers          | 147.71 kB |
chunk-L6AHYEGL.mjs   | blog-detail      | 104.34 kB |
chunk-VCXQUPCV.mjs   | solution-detail  |  53.04 kB |
chunk-IYFLNOYY.mjs   | contact          |  36.79 kB |
chunk-NVOCXRIV.mjs   | industries       |  31.77 kB |
chunk-I4LQVR2D.mjs   | blog             |  29.29 kB |
chunk-JGD5W5KH.mjs   | about-us         |  25.71 kB |
chunk-PFZHJDCR.mjs   | tech-stack       |  22.18 kB |
chunk-FHOIRQL4.mjs   | -                |  18.79 kB |
chunk-XGJU5UUR.mjs   | -                |  13.42 kB |
chunk-IJKZ3WCS.mjs   | faq              |  13.10 kB |
chunk-2TZVP6MC.mjs   | process          |  13.06 kB |
chunk-6P7Y422K.mjs   | project-detail   |  12.96 kB |
chunk-AMAMY2TM.mjs   | product-detail   |  12.24 kB |
...and 9 more lazy chunks files. Use "--verbose" to show all the files.

Application bundle generation complete. [1.551 seconds] - 2026-01-18T21:34:55.041Z

[33m▲ [43;33m[[43;30mWARNING[43;33m][0m [1mNG8113: RouterLink is not used within the template of TopBar[0m [1m[35m[plugin angular-compiler][0m

    src/app/layout/top-bar/top-bar.ts:13:4:
[37m      13 │     [32mRouterLink[37m,
         ╵     [32m~~~~~~~~~~[0m


Page reload sent to client(s).
❯ Changes detected. Rebuilding...
✔ Changes detected. Rebuilding...
Browser bundles
Initial chunk files  | Names            |  Raw size
main.js              | main             | 911.12 kB |
chunk-TGSHMKFS.js    | -                |  14.40 kB |
chunk-KEZJN2MN.js    | -                |   7.00 kB |
styles.css           | styles           |   4.80 kB |
chunk-24YDDX7J.js    | -                |   2.55 kB |
chunk-GBSWAXD5.js    | -                |   1.84 kB |
chunk-YDGIJH2W.js    | -                |   1.71 kB |
chunk-K7VHZ7GZ.js    | -                |   1.56 kB |
chunk-CZJLB7T5.js    | -                |   1.08 kB |
chunk-LZMFNAZO.js    | -                | 965 bytes |

                     | Initial total    | 947.02 kB

Lazy chunk files     | Names            |  Raw size
chunk-WS2AEXZO.js    | home             | 267.68 kB |
chunk-4DKPVEDL.js    | careers          | 147.67 kB |
chunk-VL6WPOUX.js    | blog-detail      | 104.30 kB |
chunk-IA7FGVIE.js    | solution-detail  |  53.01 kB |
chunk-NQIANEV4.js    | contact          |  36.76 kB |
chunk-4U5WYHR7.js    | industries       |  31.74 kB |
chunk-U4QBHDG6.js    | blog             |  29.25 kB |
chunk-MT4PPC73.js    | about-us         |  25.67 kB |
chunk-NJDZMU2V.js    | tech-stack       |  22.14 kB |
chunk-ZOIMQEOK.js    | -                |  18.76 kB |
chunk-BS4PEDDG.js    | -                |  13.39 kB |
chunk-PGQTUM2M.js    | faq              |  13.06 kB |
chunk-FL6RJ4LV.js    | process          |  13.03 kB |
chunk-Z5XGJXP5.js    | project-detail   |  12.92 kB |
chunk-ESCOOC5P.js    | product-detail   |  12.21 kB |
...and 9 more lazy chunks files. Use "--verbose" to show all the files.


Server bundles
Initial chunk files  | Names            |  Raw size
main.server.mjs      | main.server      | 914.57 kB |
chunk-G4WAIW2K.mjs   | -                |  14.46 kB |
server.mjs           | server           |   7.52 kB |
chunk-UTEKFRY5.mjs   | -                |   7.03 kB |
chunk-DLYFPFX3.mjs   | -                |   2.59 kB |
chunk-FI7F2UFK.mjs   | -                |   1.87 kB |
chunk-OHXTOTX2.mjs   | -                |   1.75 kB |
chunk-3Q62P2DY.mjs   | -                |   1.60 kB |
chunk-XZXRA2IB.mjs   | -                |   1.11 kB |
chunk-27Q4ISOS.mjs   | -                |   1.00 kB |
polyfills.server.mjs | polyfills.server | 243 bytes |

Lazy chunk files     | Names            |  Raw size
chunk-QRQ32EXP.mjs   | home             | 267.72 kB |
chunk-WYMYDTZR.mjs   | careers          | 147.71 kB |
chunk-L6AHYEGL.mjs   | blog-detail      | 104.34 kB |
chunk-VCXQUPCV.mjs   | solution-detail  |  53.04 kB |
chunk-IYFLNOYY.mjs   | contact          |  36.79 kB |
chunk-NVOCXRIV.mjs   | industries       |  31.77 kB |
chunk-I4LQVR2D.mjs   | blog             |  29.29 kB |
chunk-JGD5W5KH.mjs   | about-us         |  25.71 kB |
chunk-PFZHJDCR.mjs   | tech-stack       |  22.18 kB |
chunk-FHOIRQL4.mjs   | -                |  18.79 kB |
chunk-XGJU5UUR.mjs   | -                |  13.42 kB |
chunk-IJKZ3WCS.mjs   | faq              |  13.10 kB |
chunk-2TZVP6MC.mjs   | process          |  13.06 kB |
chunk-6P7Y422K.mjs   | project-detail   |  12.96 kB |
chunk-AMAMY2TM.mjs   | product-detail   |  12.24 kB |
...and 9 more lazy chunks files. Use "--verbose" to show all the files.

Application bundle generation complete. [1.920 seconds] - 2026-01-18T21:34:57.843Z

[33m▲ [43;33m[[43;30mWARNING[43;33m][0m [1mNG8113: RouterLink is not used within the template of TopBar[0m [1m[35m[plugin angular-compiler][0m

    src/app/layout/top-bar/top-bar.ts:13:4:
[37m      13 │     [32mRouterLink[37m,
         ╵     [32m~~~~~~~~~~[0m


Component update sent to client(s).
