
> app@0.0.0 start /app
> ng serve

❯ Building...
✔ Building...
Browser bundles
Initial chunk files  | Names            |  Raw size
main.js              | main             | 912.81 kB |
chunk-TGSHMKFS.js    | -                |  14.40 kB |
chunk-KEZJN2MN.js    | -                |   7.00 kB |
styles.css           | styles           |   5.00 kB |
chunk-4UK6AEPH.js    | -                |   2.61 kB |
chunk-FONQKLRF.js    | -                |   2.31 kB |
chunk-GBSWAXD5.js    | -                |   1.84 kB |
chunk-YDGIJH2W.js    | -                |   1.71 kB |
chunk-K7VHZ7GZ.js    | -                |   1.56 kB |
chunk-CZJLB7T5.js    | -                |   1.08 kB |
chunk-LZMFNAZO.js    | -                | 965 bytes |

                     | Initial total    | 951.28 kB

Lazy chunk files     | Names            |  Raw size
chunk-GKOGXH6X.js    | home             | 299.84 kB |
chunk-OWWTAFDW.js    | careers          | 151.47 kB |
chunk-MOHBHBG7.js    | blog-detail      | 105.38 kB |
chunk-IA7FGVIE.js    | solution-detail  |  53.01 kB |
chunk-GTF4QI6F.js    | contact          |  36.76 kB |
chunk-4U5WYHR7.js    | industries       |  31.74 kB |
chunk-DEBH54IO.js    | blog             |  29.25 kB |
chunk-MT4PPC73.js    | about-us         |  25.67 kB |
chunk-NJDZMU2V.js    | tech-stack       |  22.14 kB |
chunk-ZOIMQEOK.js    | -                |  18.76 kB |
chunk-2SKG2B4B.js    | -                |  13.39 kB |
chunk-PGQTUM2M.js    | faq              |  13.06 kB |
chunk-FL6RJ4LV.js    | process          |  13.03 kB |
chunk-Z5XGJXP5.js    | project-detail   |  12.92 kB |
chunk-ESCOOC5P.js    | product-detail   |  12.21 kB |
...and 9 more lazy chunks files. Use "--verbose" to show all the files.


Server bundles
Initial chunk files  | Names            |  Raw size
main.server.mjs      | main.server      | 916.25 kB |
chunk-G4WAIW2K.mjs   | -                |  14.46 kB |
server.mjs           | server           |   7.52 kB |
chunk-UTEKFRY5.mjs   | -                |   7.03 kB |
chunk-4UEB3KOG.mjs   | -                |   2.64 kB |
chunk-OJAHJD2H.mjs   | -                |   2.35 kB |
chunk-FI7F2UFK.mjs   | -                |   1.87 kB |
chunk-OHXTOTX2.mjs   | -                |   1.75 kB |
chunk-3Q62P2DY.mjs   | -                |   1.60 kB |
chunk-XZXRA2IB.mjs   | -                |   1.11 kB |
chunk-27Q4ISOS.mjs   | -                |   1.00 kB |
polyfills.server.mjs | polyfills.server | 243 bytes |

Lazy chunk files     | Names            |  Raw size
chunk-KSYRL26O.mjs   | home             | 299.88 kB |
chunk-UR43EZGV.mjs   | careers          | 151.51 kB |
chunk-XWT6ZZDD.mjs   | blog-detail      | 105.42 kB |
chunk-VCXQUPCV.mjs   | solution-detail  |  53.04 kB |
chunk-TIZRKVIP.mjs   | contact          |  36.79 kB |
chunk-NVOCXRIV.mjs   | industries       |  31.77 kB |
chunk-H4RAT52G.mjs   | blog             |  29.29 kB |
chunk-JGD5W5KH.mjs   | about-us         |  25.71 kB |
chunk-PFZHJDCR.mjs   | tech-stack       |  22.18 kB |
chunk-FHOIRQL4.mjs   | -                |  18.79 kB |
chunk-KORLVUHK.mjs   | -                |  13.42 kB |
chunk-IJKZ3WCS.mjs   | faq              |  13.10 kB |
chunk-2TZVP6MC.mjs   | process          |  13.06 kB |
chunk-6P7Y422K.mjs   | project-detail   |  12.96 kB |
chunk-AMAMY2TM.mjs   | product-detail   |  12.24 kB |
...and 9 more lazy chunks files. Use "--verbose" to show all the files.

Application bundle generation complete. [13.312 seconds] - 2026-01-30T02:22:00.731Z

[33m▲ [43;33m[[43;30mWARNING[43;33m][0m [1mNG8113: RouterLink is not used within the template of TopBar[0m [1m[35m[plugin angular-compiler][0m

    src/app/layout/top-bar/top-bar.ts:13:4:
[37m      13 │     [32mRouterLink[37m,
         ╵     [32m~~~~~~~~~~[0m


Watch mode enabled. Watching for file changes...
NOTE: Raw file sizes do not reflect development server per-request transformations.
  ➜  Local:   http://localhost:4200/
